src/engine.ts(23,60): error TS2379: Argument of type '{ owner: string; repo: string; path: string; ref: string | undefined; }' is not assignable to parameter of type 'RequestParameters & { ref?: string; owner: string; repo: string; path: string; }' with 'exactOptionalPropertyTypes: true'. Consider adding 'undefined' to the types of the target's properties.
  Type '{ owner: string; repo: string; path: string; ref: string | undefined; }' is not assignable to type '{ ref?: string; owner: string; repo: string; path: string; }' with 'exactOptionalPropertyTypes: true'. Consider adding 'undefined' to the types of the target's properties.
    Types of property 'ref' are incompatible.
      Type 'string | undefined' is not assignable to type 'string'.
        Type 'undefined' is not assignable to type 'string'.
