[Test] Sending simulated issue.assigned event to https://hiero-workflow-app.onrender.com/webhooks...
node.exe : [Test] FAILED: 
Server responded with 401
At line:1 char:1
+ & "C:\Program 
Files\nodejs/node.exe" 
"C:\Program 
Files\nodejs/node_mo ...
+ ~~~~~~~~~~~~~~~~~~~~~~~~
~~~~~~~~~~~~~~~~~~~~~~~~~~
~~~~~~~~~~~~~~~~~~~
    + CategoryInfo        
      : NotSpecified: ([  
  Test] FAILED: Server    
 responded with 401:St    
ring) [], RemoteExcep    
tion
    + FullyQualifiedError 
   Id : NativeCommandErr  
  or
 
[Test] Details: 
"Unauthorized"
